// Jest Snapshot v1, https://jestjs.io/docs/snapshot-testing

exports[`renderReportSummary matches snapshot 1`] = `
"### Test Report

![failed](https://api.iconify.design/octicon/stop-16.svg?height=14&color=%23da3633)  **2 failed**  
![passed](https://api.iconify.design/octicon/check-circle-16.svg?height=14&color=%233fb950)  **10 passed**    
![flaky](https://api.iconify.design/octicon/alert-16.svg?height=14&color=%23d29922)  **1 flaky**    
![skipped](https://api.iconify.design/octicon/skip-16.svg?height=14&color=%230967d9)  **1 skipped**

#### Details

![report](https://api.iconify.design/octicon/package-16.svg?height=14&color=%23abb4bf)  [Open report ↗︎](https://example.com/report)  
![stats](https://api.iconify.design/octicon/pulse-16.svg?height=14&color=%23abb4bf)  14 tests across 4 suites  
![duration](https://api.iconify.design/octicon/clock-16.svg?height=14&color=%23abb4bf)  1.1 seconds  
![commit](https://api.iconify.design/octicon/git-pull-request-16.svg?height=14&color=%23abb4bf)  1234567  
![info](https://api.iconify.design/octicon/info-16.svg?height=14&color=%23abb4bf)  For more information, see our [documentation](https://example.com/docs)

<details open><summary><strong>Failed tests</strong></summary>

chromium › add.spec.ts › add › adds
  firefox › add.spec.ts › add › adds

</details>
<details ><summary><strong>Flaky tests</strong></summary>

chromium › multiply.spec.ts › multiply › multiplies

</details>
<details ><summary><strong>Skipped tests</strong></summary>

chromium › multiply.spec.ts › multiply › skips

</details>"
`;
